../Core/Src/main.c:75:5:main	48	static
../Core/Src/main.c:148:6:SystemClock_Config	96	static
../Core/Src/main.c:198:13:MX_CAN1_Init	8	static
../Core/Src/main.c:235:13:MX_UART4_Init	8	static
../Core/Src/main.c:270:13:MX_USART2_UART_Init	8	static
../Core/Src/main.c:305:13:MX_GPIO_Init	48	static
../Core/Src/main.c:344:6:HAL_CAN_RxFifo0MsgPendingCallback	24	static
../Core/Src/main.c:355:6:HAL_UART_RxCpltCallback	32	static
../Core/Src/main.c:366:6:serializeCANMessage	24	static
../Core/Src/main.c:379:6:deserializeCANMessage	24	static
../Core/Src/main.c:397:6:Error_Handler	4	static,ignoring_inline_asm
